// Jest Snapshot v1, https://goo.gl/fbAQLP

exports[`App App component should match the snapshot 1`] = `
<DocumentFragment>
  <div
    class="App"
  >
    <header
      class="App-header"
    >
      <button
        type="button"
      >
        Fetch Questions
      </button>
      <button
        type="button"
      >
        Fetch Users
      </button>
      <button
        type="button"
      >
        new Answer
      </button>
      <input
        type="text"
        value=""
      />
      <input
        type="text"
        value=""
      />
      <button
        type="button"
      >
        Submit
      </button>
      <ul />
    </header>
  </div>
</DocumentFragment>
`;
